Dict{Any,Any}(Pair{Any,Any}("escape sequences", Dict{Any,Any}[Dict{Any,Any}(Pair{Any,Any}("\\0", "\0")), Dict{Any,Any}(Pair{Any,Any}("\\a", "\a")), Dict{Any,Any}(Pair{Any,Any}("\\b", "\b")), Dict{Any,Any}(Pair{Any,Any}("\\t", "\t")), Dict{Any,Any}(Pair{Any,Any}("\\n", "\n")), Dict{Any,Any}(Pair{Any,Any}("\\v", "\v")), Dict{Any,Any}(Pair{Any,Any}("\\f", "\f")), Dict{Any,Any}(Pair{Any,Any}("\\r", "\r")), Dict{Any,Any}(Pair{Any,Any}("\\e", "\e")), Dict{Any,Any}(Pair{Any,Any}("\\ ", " ")), Dict{Any,Any}(Pair{Any,Any}("\\\"", "\"")), Dict{Any,Any}(Pair{Any,Any}("\\\\", "\\")), Dict{Any,Any}(Pair{Any,Any}("\\N", "\u85")), Dict{Any,Any}(Pair{Any,Any}("\\_", " ")), Dict{Any,Any}(Pair{Any,Any}("\\L", "\u2028")), Dict{Any,Any}(Pair{Any,Any}("\\P", "\u2029"))]))